Archive member included to satisfy reference by file (symbol)

D:/Embedded/STM32CubeIDE_1.13.1/STM32CubeIDE/plugins/com.st.stm32cube.ide.mcu.externaltools.gnu-tools-for-stm32.11.3.rel1.win32_1.1.0.202305231506/tools/bin/../lib/gcc/arm-none-eabi/11.3.1/../../../../arm-none-eabi/lib/thumb/v7e-m+fp/hard\libc_nano.a(libc_a-exit.o)
                              D:/Embedded/STM32CubeIDE_1.13.1/STM32CubeIDE/plugins/com.st.stm32cube.ide.mcu.externaltools.gnu-tools-for-stm32.11.3.rel1.win32_1.1.0.202305231506/tools/bin/../lib/gcc/arm-none-eabi/11.3.1/../../../../arm-none-eabi/lib/thumb/v7e-m+fp/hard/crt0.o (exit)
D:/Embedded/STM32CubeIDE_1.13.1/STM32CubeIDE/plugins/com.st.stm32cube.ide.mcu.externaltools.gnu-tools-for-stm32.11.3.rel1.win32_1.1.0.202305231506/tools/bin/../lib/gcc/arm-none-eabi/11.3.1/../../../../arm-none-eabi/lib/thumb/v7e-m+fp/hard\libc_nano.a(libc_a-malloc.o)
                              ./Src/main.o (malloc)
D:/Embedded/STM32CubeIDE_1.13.1/STM32CubeIDE/plugins/com.st.stm32cube.ide.mcu.externaltools.gnu-tools-for-stm32.11.3.rel1.win32_1.1.0.202305231506/tools/bin/../lib/gcc/arm-none-eabi/11.3.1/../../../../arm-none-eabi/lib/thumb/v7e-m+fp/hard\libc_nano.a(libc_a-mallocr.o)
                              D:/Embedded/STM32CubeIDE_1.13.1/STM32CubeIDE/plugins/com.st.stm32cube.ide.mcu.externaltools.gnu-tools-for-stm32.11.3.rel1.win32_1.1.0.202305231506/tools/bin/../lib/gcc/arm-none-eabi/11.3.1/../../../../arm-none-eabi/lib/thumb/v7e-m+fp/hard\libc_nano.a(libc_a-malloc.o) (_malloc_r)
D:/Embedded/STM32CubeIDE_1.13.1/STM32CubeIDE/plugins/com.st.stm32cube.ide.mcu.externaltools.gnu-tools-for-stm32.11.3.rel1.win32_1.1.0.202305231506/tools/bin/../lib/gcc/arm-none-eabi/11.3.1/../../../../arm-none-eabi/lib/thumb/v7e-m+fp/hard\libc_nano.a(libc_a-mlock.o)
                              D:/Embedded/STM32CubeIDE_1.13.1/STM32CubeIDE/plugins/com.st.stm32cube.ide.mcu.externaltools.gnu-tools-for-stm32.11.3.rel1.win32_1.1.0.202305231506/tools/bin/../lib/gcc/arm-none-eabi/11.3.1/../../../../arm-none-eabi/lib/thumb/v7e-m+fp/hard\libc_nano.a(libc_a-mallocr.o) (__malloc_lock)
D:/Embedded/STM32CubeIDE_1.13.1/STM32CubeIDE/plugins/com.st.stm32cube.ide.mcu.externaltools.gnu-tools-for-stm32.11.3.rel1.win32_1.1.0.202305231506/tools/bin/../lib/gcc/arm-none-eabi/11.3.1/../../../../arm-none-eabi/lib/thumb/v7e-m+fp/hard\libc_nano.a(libc_a-findfp.o)
                              D:/Embedded/STM32CubeIDE_1.13.1/STM32CubeIDE/plugins/com.st.stm32cube.ide.mcu.externaltools.gnu-tools-for-stm32.11.3.rel1.win32_1.1.0.202305231506/tools/bin/../lib/gcc/arm-none-eabi/11.3.1/../../../../arm-none-eabi/lib/thumb/v7e-m+fp/hard\libc_nano.a(libc_a-exit.o) (__stdio_exit_handler)
D:/Embedded/STM32CubeIDE_1.13.1/STM32CubeIDE/plugins/com.st.stm32cube.ide.mcu.externaltools.gnu-tools-for-stm32.11.3.rel1.win32_1.1.0.202305231506/tools/bin/../lib/gcc/arm-none-eabi/11.3.1/../../../../arm-none-eabi/lib/thumb/v7e-m+fp/hard\libc_nano.a(libc_a-fwalk.o)
                              D:/Embedded/STM32CubeIDE_1.13.1/STM32CubeIDE/plugins/com.st.stm32cube.ide.mcu.externaltools.gnu-tools-for-stm32.11.3.rel1.win32_1.1.0.202305231506/tools/bin/../lib/gcc/arm-none-eabi/11.3.1/../../../../arm-none-eabi/lib/thumb/v7e-m+fp/hard\libc_nano.a(libc_a-findfp.o) (_fwalk_sglue)
D:/Embedded/STM32CubeIDE_1.13.1/STM32CubeIDE/plugins/com.st.stm32cube.ide.mcu.externaltools.gnu-tools-for-stm32.11.3.rel1.win32_1.1.0.202305231506/tools/bin/../lib/gcc/arm-none-eabi/11.3.1/../../../../arm-none-eabi/lib/thumb/v7e-m+fp/hard\libc_nano.a(libc_a-stdio.o)
                              D:/Embedded/STM32CubeIDE_1.13.1/STM32CubeIDE/plugins/com.st.stm32cube.ide.mcu.externaltools.gnu-tools-for-stm32.11.3.rel1.win32_1.1.0.202305231506/tools/bin/../lib/gcc/arm-none-eabi/11.3.1/../../../../arm-none-eabi/lib/thumb/v7e-m+fp/hard\libc_nano.a(libc_a-findfp.o) (__sread)
D:/Embedded/STM32CubeIDE_1.13.1/STM32CubeIDE/plugins/com.st.stm32cube.ide.mcu.externaltools.gnu-tools-for-stm32.11.3.rel1.win32_1.1.0.202305231506/tools/bin/../lib/gcc/arm-none-eabi/11.3.1/../../../../arm-none-eabi/lib/thumb/v7e-m+fp/hard\libc_nano.a(libc_a-memset.o)
                              D:/Embedded/STM32CubeIDE_1.13.1/STM32CubeIDE/plugins/com.st.stm32cube.ide.mcu.externaltools.gnu-tools-for-stm32.11.3.rel1.win32_1.1.0.202305231506/tools/bin/../lib/gcc/arm-none-eabi/11.3.1/../../../../arm-none-eabi/lib/thumb/v7e-m+fp/hard/crt0.o (memset)
D:/Embedded/STM32CubeIDE_1.13.1/STM32CubeIDE/plugins/com.st.stm32cube.ide.mcu.externaltools.gnu-tools-for-stm32.11.3.rel1.win32_1.1.0.202305231506/tools/bin/../lib/gcc/arm-none-eabi/11.3.1/../../../../arm-none-eabi/lib/thumb/v7e-m+fp/hard\libc_nano.a(libc_a-closer.o)
                              D:/Embedded/STM32CubeIDE_1.13.1/STM32CubeIDE/plugins/com.st.stm32cube.ide.mcu.externaltools.gnu-tools-for-stm32.11.3.rel1.win32_1.1.0.202305231506/tools/bin/../lib/gcc/arm-none-eabi/11.3.1/../../../../arm-none-eabi/lib/thumb/v7e-m+fp/hard\libc_nano.a(libc_a-stdio.o) (_close_r)
[...]
Memory Configuration

Name             Origin             Length             Attributes
RAM              0x0000000020000000 0x0000000000010000 xrw
FLASH            0x0000000008000000 0x0000000000040000 xr
*default*        0x0000000000000000 0xffffffffffffffff

Linker script and memory map

LOAD D:/Embedded/STM32CubeIDE_1.13.1/STM32CubeIDE/plugins/com.st.stm32cube.ide.mcu.externaltools.gnu-tools-for-stm32.11.3.rel1.win32_1.1.0.202305231506/tools/bin/../lib/gcc/arm-none-eabi/11.3.1/thumb/v7e-m+fp/hard/crti.o
LOAD D:/Embedded/STM32CubeIDE_1.13.1/STM32CubeIDE/plugins/com.st.stm32cube.ide.mcu.externaltools.gnu-tools-for-stm32.11.3.rel1.win32_1.1.0.202305231506/tools/bin/../lib/gcc/arm-none-eabi/11.3.1/thumb/v7e-m+fp/hard/crtbegin.o
LOAD D:/Embedded/STM32CubeIDE_1.13.1/STM32CubeIDE/plugins/com.st.stm32cube.ide.mcu.externaltools.gnu-tools-for-stm32.11.3.rel1.win32_1.1.0.202305231506/tools/bin/../lib/gcc/arm-none-eabi/11.3.1/../../../../arm-none-eabi/lib/thumb/v7e-m+fp/hard/crt0.o
LOAD ./Src/DET.o
LOAD ./Src/GPIO_lcfg.o
LOAD ./Src/GPIO_program.o
LOAD ./Src/RCC_program.o
LOAD ./Src/UART_program.o
LOAD ./Src/WIFI_program.o
LOAD ./Src/main.o
LOAD ./Src/syscalls.o
LOAD ./Src/sysmem.o
LOAD ./Startup/startup_stm32f401rctx.o
START GROUP
LOAD D:/Embedded/STM32CubeIDE_1.13.1/STM32CubeIDE/plugins/com.st.stm32cube.ide.mcu.externaltools.gnu-tools-for-stm32.11.3.rel1.win32_1.1.0.202305231506/tools/bin/../lib/gcc/arm-none-eabi/11.3.1/../../../../arm-none-eabi/lib/thumb/v7e-m+fp/hard\libc_nano.a
LOAD D:/Embedded/STM32CubeIDE_1.13.1/STM32CubeIDE/plugins/com.st.stm32cube.ide.mcu.externaltools.gnu-tools-for-stm32.11.3.rel1.win32_1.1.0.202305231506/tools/bin/../lib/gcc/arm-none-eabi/11.3.1/../../../../arm-none-eabi/lib/thumb/v7e-m+fp/hard\libm.a
END GROUP
START GROUP
LOAD D:/Embedded/STM32CubeIDE_1.13.1/STM32CubeIDE/plugins/com.st.stm32cube.ide.mcu.externaltools.gnu-tools-for-stm32.11.3.rel1.win32_1.1.0.202305231506/tools/bin/../lib/gcc/arm-none-eabi/11.3.1/thumb/v7e-m+fp/hard\libgcc.a
LOAD D:/Embedded/STM32CubeIDE_1.13.1/STM32CubeIDE/plugins/com.st.stm32cube.ide.mcu.externaltools.gnu-tools-for-stm32.11.3.rel1.win32_1.1.0.202305231506/tools/bin/../lib/gcc/arm-none-eabi/11.3.1/../../../../arm-none-eabi/lib/thumb/v7e-m+fp/hard\libc_nano.a
END GROUP
START GROUP
LOAD D:/Embedded/STM32CubeIDE_1.13.1/STM32CubeIDE/plugins/com.st.stm32cube.ide.mcu.externaltools.gnu-tools-for-stm32.11.3.rel1.win32_1.1.0.202305231506/tools/bin/../lib/gcc/arm-none-eabi/11.3.1/thumb/v7e-m+fp/hard\libgcc.a
LOAD D:/Embedded/STM32CubeIDE_1.13.1/STM32CubeIDE/plugins/com.st.stm32cube.ide.mcu.externaltools.gnu-tools-for-stm32.11.3.rel1.win32_1.1.0.202305231506/tools/bin/../lib/gcc/arm-none-eabi/11.3.1/../../../../arm-none-eabi/lib/thumb/v7e-m+fp/hard\libc_nano.a
LOAD D:/Embedded/STM32CubeIDE_1.13.1/STM32CubeIDE/plugins/com.st.stm32cube.ide.mcu.externaltools.gnu-tools-for-stm32.11.3.rel1.win32_1.1.0.202305231506/tools/bin/../lib/gcc/arm-none-eabi/11.3.1/../../../../arm-none-eabi/lib/thumb/v7e-m+fp/hard\libnosys.a
END GROUP
START GROUP
LOAD D:/Embedded/STM32CubeIDE_1.13.1/STM32CubeIDE/plugins/com.st.stm32cube.ide.mcu.externaltools.gnu-tools-for-stm32.11.3.rel1.win32_1.1.0.202305231506/tools/bin/../lib/gcc/arm-none-eabi/11.3.1/thumb/v7e-m+fp/hard\libgcc.a
LOAD D:/Embedded/STM32CubeIDE_1.13.1/STM32CubeIDE/plugins/com.st.stm32cube.ide.mcu.externaltools.gnu-tools-for-stm32.11.3.rel1.win32_1.1.0.202305231506/tools/bin/../lib/gcc/arm-none-eabi/11.3.1/../../../../arm-none-eabi/lib/thumb/v7e-m+fp/hard\libc_nano.a
LOAD D:/Embedded/STM32CubeIDE_1.13.1/STM32CubeIDE/plugins/com.st.stm32cube.ide.mcu.externaltools.gnu-tools-for-stm32.11.3.rel1.win32_1.1.0.202305231506/tools/bin/../lib/gcc/arm-none-eabi/11.3.1/../../../../arm-none-eabi/lib/thumb/v7e-m+fp/hard\libnosys.a
END GROUP
LOAD D:/Embedded/STM32CubeIDE_1.13.1/STM32CubeIDE/plugins/com.st.stm32cube.ide.mcu.externaltools.gnu-tools-for-stm32.11.3.rel1.win32_1.1.0.202305231506/tools/bin/../lib/gcc/arm-none-eabi/11.3.1/thumb/v7e-m+fp/hard/crtend.o
LOAD D:/Embedded/STM32CubeIDE_1.13.1/STM32CubeIDE/plugins/com.st.stm32cube.ide.mcu.externaltools.gnu-tools-for-stm32.11.3.rel1.win32_1.1.0.202305231506/tools/bin/../lib/gcc/arm-none-eabi/11.3.1/thumb/v7e-m+fp/hard/crtn.o
                0x0000000020010000                _estack = (ORIGIN (RAM) + LENGTH (RAM))
                0x0000000000000200                _Min_Heap_Size = 0x200
                0x0000000000000400                _Min_Stack_Size = 0x400

.isr_vector     0x0000000008000000      0x194
                0x0000000008000000                . = ALIGN (0x4)
 *(.isr_vector)
 .isr_vector    0x0000000008000000      0x194 ./Startup/startup_stm32f401rctx.o
                0x0000000008000000                g_pfnVectors
                0x0000000008000194                . = ALIGN (0x4)

.text           0x0000000008000194      0xee0
                0x0000000008000194                . = ALIGN (0x4)
 *(.text)
 .text          0x0000000008000194       0x40 D:/Embedded/STM32CubeIDE_1.13.1/STM32CubeIDE/plugins/com.st.stm32cube.ide.mcu.externaltools.gnu-tools-for-stm32.11.3.rel1.win32_1.1.0.202305231506/tools/bin/../lib/gcc/arm-none-eabi/11.3.1/thumb/v7e-m+fp/hard/crtbegin.o
 *(.text*)
 .text.Det_ReportError
                0x00000000080001d4       0x14 ./Src/DET.o
                0x00000000080001d4                Det_ReportError
 .text.GPIO_Init
                0x00000000080001e8      0x700 ./Src/GPIO_program.o
                0x00000000080001e8                GPIO_Init
 .text.GPIO_udtAtomicSetPinValue
                0x00000000080008e8       0xd8 ./Src/GPIO_program.o
                0x00000000080008e8                GPIO_udtAtomicSetPinValue
 .text.RCC_udtInitSystemClock
                0x00000000080009c0       0x24 ./Src/RCC_program.o
                0x00000000080009c0                RCC_udtInitSystemClock
 .text.RCC_udtEnablePeripheralClock
                0x00000000080009e4       0x90 ./Src/RCC_program.o
                0x00000000080009e4                RCC_udtEnablePeripheralClock
 .text.UART_vidInit
                0x0000000008000a74       0x3c ./Src/UART_program.o
                0x0000000008000a74                UART_vidInit
 .text.UART_udtTransmit
                0x0000000008000ab0       0x50 ./Src/UART_program.o
                0x0000000008000ab0                UART_udtTransmit
 .text.UART_udtReceive
                0x0000000008000b00       0x6c ./Src/UART_program.o
                0x0000000008000b00                UART_udtReceive
 .text.WIFI_vidInit
                0x0000000008000b6c       0x54 ./Src/WIFI_program.o
                0x0000000008000b6c                WIFI_vidInit
 .text.WIFI_udtConnectToWIFI
                0x0000000008000bc0       0x34 ./Src/WIFI_program.o
                0x0000000008000bc0                WIFI_udtConnectToWIFI
 .text.WIFI_udtConnectToServer
                0x0000000008000bf4       0x34 ./Src/WIFI_program.o
                0x0000000008000bf4                WIFI_udtConnectToServer
 .text.WIFI_udtGetData
                0x0000000008000c28       0x5c ./Src/WIFI_program.o
                0x0000000008000c28                WIFI_udtGetData
 .text.validate
                0x0000000008000c84       0xc8 ./Src/WIFI_program.o
 .text.main     0x0000000008000d4c       0x70 ./Src/main.o
                0x0000000008000d4c                main
 .text._sbrk    0x0000000008000dbc       0x6c ./Src/sysmem.o
                0x0000000008000dbc                _sbrk
 .text.Reset_Handler
                0x0000000008000e28       0x50 ./Startup/startup_stm32f401rctx.o
                0x0000000008000e28                Reset_Handler
 .text.Default_Handler
                0x0000000008000e78        0x2 ./Startup/startup_stm32f401rctx.o
                0x0000000008000e78                EXTI2_IRQHandler
                0x0000000008000e78                DebugMon_Handler
                0x0000000008000e78                SPI4_IRQHandler
                0x0000000008000e78                TIM1_CC_IRQHandler
                0x0000000008000e78                DMA2_Stream5_IRQHandler
                0x0000000008000e78                HardFault_Handler
                0x0000000008000e78                DMA1_Stream5_IRQHandler
                0x0000000008000e78                SysTick_Handler
                0x0000000008000e78                SDIO_IRQHandler
                0x0000000008000e78                TAMP_STAMP_IRQHandler
                0x0000000008000e78                PendSV_Handler
                0x0000000008000e78                NMI_Handler
                0x0000000008000e78                EXTI3_IRQHandler
                0x0000000008000e78                TIM1_UP_TIM10_IRQHandler
                0x0000000008000e78                I2C3_ER_IRQHandler
                0x0000000008000e78                EXTI18_OTG_FS_WKUP_IRQHandler
                0x0000000008000e78                EXTI0_IRQHandler
                0x0000000008000e78                I2C2_EV_IRQHandler
                0x0000000008000e78                DMA1_Stream2_IRQHandler
                0x0000000008000e78                UsageFault_Handler
                0x0000000008000e78                DMA2_Stream2_IRQHandler
                0x0000000008000e78                SPI1_IRQHandler
                0x0000000008000e78                TIM1_BRK_TIM9_IRQHandler
                0x0000000008000e78                DMA2_Stream3_IRQHandler
                0x0000000008000e78                USART6_IRQHandler
                0x0000000008000e78                DMA2_Stream0_IRQHandler
                0x0000000008000e78                TIM4_IRQHandler
                0x0000000008000e78                I2C1_EV_IRQHandler
                0x0000000008000e78                DMA1_Stream6_IRQHandler
                0x0000000008000e78                DMA1_Stream1_IRQHandler
                0x0000000008000e78                TIM3_IRQHandler
                0x0000000008000e78                RCC_IRQHandler
                0x0000000008000e78                Default_Handler
                0x0000000008000e78                EXTI15_10_IRQHandler
                0x0000000008000e78                ADC_IRQHandler
                0x0000000008000e78                DMA1_Stream7_IRQHandler
                0x0000000008000e78                TIM5_IRQHandler
                0x0000000008000e78                DMA2_Stream7_IRQHandler
                0x0000000008000e78                I2C3_EV_IRQHandler
                0x0000000008000e78                EXTI9_5_IRQHandler
                0x0000000008000e78                SPI2_IRQHandler
                0x0000000008000e78                MemManage_Handler
                0x0000000008000e78                DMA1_Stream0_IRQHandler
                0x0000000008000e78                SVC_Handler
                0x0000000008000e78                EXTI4_IRQHandler
                0x0000000008000e78                EXTI22_RTC_WKUP_IRQHandler
                0x0000000008000e78                TIM2_IRQHandler
                0x0000000008000e78                EXTI16_PVD_IRQHandler
                0x0000000008000e78                TIM1_TRG_COM_TIM11_IRQHandler
                0x0000000008000e78                EXTI1_IRQHandler
                0x0000000008000e78                EXTI17_RTC_Alarm_IRQHandler
                0x0000000008000e78                USART2_IRQHandler
                0x0000000008000e78                I2C2_ER_IRQHandler
                0x0000000008000e78                DMA2_Stream1_IRQHandler
                0x0000000008000e78                FLASH_IRQHandler
                0x0000000008000e78                DMA2_Stream4_IRQHandler
                0x0000000008000e78                BusFault_Handler
                0x0000000008000e78                USART1_IRQHandler
                0x0000000008000e78                OTG_FS_IRQHandler
                0x0000000008000e78                SPI3_IRQHandler
                0x0000000008000e78                DMA1_Stream4_IRQHandler
                0x0000000008000e78                I2C1_ER_IRQHandler
                0x0000000008000e78                DMA2_Stream6_IRQHandler
                0x0000000008000e78                DMA1_Stream3_IRQHandler
 *fill*         0x0000000008000e7a        0x2 
 .text.malloc   0x0000000008000e7c       0x10 D:/Embedded/STM32CubeIDE_1.13.1/STM32CubeIDE/plugins/com.st.stm32cube.ide.mcu.externaltools.gnu-tools-for-stm32.11.3.rel1.win32_1.1.0.202305231506/tools/bin/../lib/gcc/arm-none-eabi/11.3.1/../../../../arm-none-eabi/lib/thumb/v7e-m+fp/hard\libc_nano.a(libc_a-malloc.o)
                0x0000000008000e7c                malloc
 .text.sbrk_aligned
                0x0000000008000e8c       0x40 D:/Embedded/STM32CubeIDE_1.13.1/STM32CubeIDE/plugins/com.st.stm32cube.ide.mcu.externaltools.gnu-tools-for-stm32.11.3.rel1.win32_1.1.0.202305231506/tools/bin/../lib/gcc/arm-none-eabi/11.3.1/../../../../arm-none-eabi/lib/thumb/v7e-m+fp/hard\libc_nano.a(libc_a-mallocr.o)
 .text._malloc_r
                0x0000000008000ecc      0x100 D:/Embedded/STM32CubeIDE_1.13.1/STM32CubeIDE/plugins/com.st.stm32cube.ide.mcu.externaltools.gnu-tools-for-stm32.11.3.rel1.win32_1.1.0.202305231506/tools/bin/../lib/gcc/arm-none-eabi/11.3.1/../../../../arm-none-eabi/lib/thumb/v7e-m+fp/hard\libc_nano.a(libc_a-mallocr.o)
                0x0000000008000ecc                _malloc_r
 .text.__malloc_lock
                0x0000000008000fcc        0xc D:/Embedded/STM32CubeIDE_1.13.1/STM32CubeIDE/plugins/com.st.stm32cube.ide.mcu.externaltools.gnu-tools-for-stm32.11.3.rel1.win32_1.1.0.202305231506/tools/bin/../lib/gcc/arm-none-eabi/11.3.1/../../../../arm-none-eabi/lib/thumb/v7e-m+fp/hard\libc_nano.a(libc_a-mlock.o)
                0x0000000008000fcc                __malloc_lock
 .text.__malloc_unlock
                0x0000000008000fd8        0xc D:/Embedded/STM32CubeIDE_1.13.1/STM32CubeIDE/plugins/com.st.stm32cube.ide.mcu.externaltools.gnu-tools-for-stm32.11.3.rel1.win32_1.1.0.202305231506/tools/bin/../lib/gcc/arm-none-eabi/11.3.1/../../../../arm-none-eabi/lib/thumb/v7e-m+fp/hard\libc_nano.a(libc_a-mlock.o)
                0x0000000008000fd8                __malloc_unlock
 .text._sbrk_r  0x0000000008000fe4       0x20 D:/Embedded/STM32CubeIDE_1.13.1/STM32CubeIDE/plugins/com.st.stm32cube.ide.mcu.externaltools.gnu-tools-for-stm32.11.3.rel1.win32_1.1.0.202305231506/tools/bin/../lib/gcc/arm-none-eabi/11.3.1/../../../../arm-none-eabi/lib/thumb/v7e-m+fp/hard\libc_nano.a(libc_a-sbrkr.o)
                0x0000000008000fe4                _sbrk_r
 .text.__errno  0x0000000008001004        0xc D:/Embedded/STM32CubeIDE_1.13.1/STM32CubeIDE/plugins/com.st.stm32cube.ide.mcu.externaltools.gnu-tools-for-stm32.11.3.rel1.win32_1.1.0.202305231506/tools/bin/../lib/gcc/arm-none-eabi/11.3.1/../../../../arm-none-eabi/lib/thumb/v7e-m+fp/hard\libc_nano.a(libc_a-errno.o)
                0x0000000008001004                __errno
 .text.__libc_init_array
                0x0000000008001010       0x48 D:/Embedded/STM32CubeIDE_1.13.1/STM32CubeIDE/plugins/com.st.stm32cube.ide.mcu.externaltools.gnu-tools-for-stm32.11.3.rel1.win32_1.1.0.202305231506/tools/bin/../lib/gcc/arm-none-eabi/11.3.1/../../../../arm-none-eabi/lib/thumb/v7e-m+fp/hard\libc_nano.a(libc_a-init.o)
                0x0000000008001010                __libc_init_array
 .text.__retarget_lock_acquire_recursive
                0x0000000008001058        0x2 D:/Embedded/STM32CubeIDE_1.13.1/STM32CubeIDE/plugins/com.st.stm32cube.ide.mcu.externaltools.gnu-tools-for-stm32.11.3.rel1.win32_1.1.0.202305231506/tools/bin/../lib/gcc/arm-none-eabi/11.3.1/../../../../arm-none-eabi/lib/thumb/v7e-m+fp/hard\libc_nano.a(libc_a-lock.o)
                0x0000000008001058                __retarget_lock_acquire_recursive
 .text.__retarget_lock_release_recursive
                0x000000000800105a        0x2 D:/Embedded/STM32CubeIDE_1.13.1/STM32CubeIDE/plugins/com.st.stm32cube.ide.mcu.externaltools.gnu-tools-for-stm32.11.3.rel1.win32_1.1.0.202305231506/tools/bin/../lib/gcc/arm-none-eabi/11.3.1/../../../../arm-none-eabi/lib/thumb/v7e-m+fp/hard\libc_nano.a(libc_a-lock.o)
                0x000000000800105a                __retarget_lock_release_recursive
 *(.glue_7)
 .glue_7        0x000000000800105c        0x0 linker stubs
 *(.glue_7t)
 .glue_7t       0x000000000800105c        0x0 linker stubs
 *(.eh_frame)
 .eh_frame      0x000000000800105c        0x0 D:/Embedded/STM32CubeIDE_1.13.1/STM32CubeIDE/plugins/com.st.stm32cube.ide.mcu.externaltools.gnu-tools-for-stm32.11.3.rel1.win32_1.1.0.202305231506/tools/bin/../lib/gcc/arm-none-eabi/11.3.1/thumb/v7e-m+fp/hard/crtbegin.o
 *(.init)
 .init          0x000000000800105c        0x4 D:/Embedded/STM32CubeIDE_1.13.1/STM32CubeIDE/plugins/com.st.stm32cube.ide.mcu.externaltools.gnu-tools-for-stm32.11.3.rel1.win32_1.1.0.202305231506/tools/bin/../lib/gcc/arm-none-eabi/11.3.1/thumb/v7e-m+fp/hard/crti.o
                0x000000000800105c                _init
 .init          0x0000000008001060        0x8 D:/Embedded/STM32CubeIDE_1.13.1/STM32CubeIDE/plugins/com.st.stm32cube.ide.mcu.externaltools.gnu-tools-for-stm32.11.3.rel1.win32_1.1.0.202305231506/tools/bin/../lib/gcc/arm-none-eabi/11.3.1/thumb/v7e-m+fp/hard/crtn.o
 *(.fini)
 .fini          0x0000000008001068        0x4 D:/Embedded/STM32CubeIDE_1.13.1/STM32CubeIDE/plugins/com.st.stm32cube.ide.mcu.externaltools.gnu-tools-for-stm32.11.3.rel1.win32_1.1.0.202305231506/tools/bin/../lib/gcc/arm-none-eabi/11.3.1/thumb/v7e-m+fp/hard/crti.o
                0x0000000008001068                _fini
 .fini          0x000000000800106c        0x8 D:/Embedded/STM32CubeIDE_1.13.1/STM32CubeIDE/plugins/com.st.stm32cube.ide.mcu.externaltools.gnu-tools-for-stm32.11.3.rel1.win32_1.1.0.202305231506/tools/bin/../lib/gcc/arm-none-eabi/11.3.1/thumb/v7e-m+fp/hard/crtn.o
                0x0000000008001074                . = ALIGN (0x4)
                0x0000000008001074                _etext = .

.vfp11_veneer   0x0000000008001074        0x0
 .vfp11_veneer  0x0000000008001074        0x0 linker stubs

.v4_bx          0x0000000008001074        0x0
 .v4_bx         0x0000000008001074        0x0 linker stubs

.iplt           0x0000000008001074        0x0
 .iplt          0x0000000008001074        0x0 D:/Embedded/STM32CubeIDE_1.13.1/STM32CubeIDE/plugins/com.st.stm32cube.ide.mcu.externaltools.gnu-tools-for-stm32.11.3.rel1.win32_1.1.0.202305231506/tools/bin/../lib/gcc/arm-none-eabi/11.3.1/thumb/v7e-m+fp/hard/crtbegin.o

.rodata         0x0000000008001074       0xac
                0x0000000008001074                . = ALIGN (0x4)
 *(.rodata)
 .rodata        0x0000000008001074       0xac ./Src/WIFI_program.o
 *(.rodata*)
                0x0000000008001120                . = ALIGN (0x4)

.rel.dyn        0x0000000008001120        0x0
 .rel.iplt      0x0000000008001120        0x0 D:/Embedded/STM32CubeIDE_1.13.1/STM32CubeIDE/plugins/com.st.stm32cube.ide.mcu.externaltools.gnu-tools-for-stm32.11.3.rel1.win32_1.1.0.202305231506/tools/bin/../lib/gcc/arm-none-eabi/11.3.1/thumb/v7e-m+fp/hard/crtbegin.o

.ARM.extab      0x0000000008001120        0x0
                0x0000000008001120                . = ALIGN (0x4)
 *(.ARM.extab* .gnu.linkonce.armextab.*)
                0x0000000008001120                . = ALIGN (0x4)

.ARM            0x0000000008001120        0x0
                0x0000000008001120                . = ALIGN (0x4)
                0x0000000008001120                __exidx_start = .
 *(.ARM.exidx*)
                0x0000000008001120                __exidx_end = .
                0x0000000008001120                . = ALIGN (0x4)

.preinit_array  0x0000000008001120        0x0
                0x0000000008001120                . = ALIGN (0x4)
                0x0000000008001120                PROVIDE (__preinit_array_start = .)
 *(.preinit_array*)
                0x0000000008001120                PROVIDE (__preinit_array_end = .)
                0x0000000008001120                . = ALIGN (0x4)

.init_array     0x0000000008001120        0x4
                0x0000000008001120                . = ALIGN (0x4)
                0x0000000008001120                PROVIDE (__init_array_start = .)
 *(SORT_BY_NAME(.init_array.*))
 *(.init_array*)
 .init_array    0x0000000008001120        0x4 D:/Embedded/STM32CubeIDE_1.13.1/STM32CubeIDE/plugins/com.st.stm32cube.ide.mcu.externaltools.gnu-tools-for-stm32.11.3.rel1.win32_1.1.0.202305231506/tools/bin/../lib/gcc/arm-none-eabi/11.3.1/thumb/v7e-m+fp/hard/crtbegin.o
                0x0000000008001124                PROVIDE (__init_array_end = .)
                0x0000000008001124                . = ALIGN (0x4)

.fini_array     0x0000000008001124        0x4
                0x0000000008001124                . = ALIGN (0x4)
                [!provide]                        PROVIDE (__fini_array_start = .)
 *(SORT_BY_NAME(.fini_array.*))
 *(.fini_array*)
 .fini_array    0x0000000008001124        0x4 D:/Embedded/STM32CubeIDE_1.13.1/STM32CubeIDE/plugins/com.st.stm32cube.ide.mcu.externaltools.gnu-tools-for-stm32.11.3.rel1.win32_1.1.0.202305231506/tools/bin/../lib/gcc/arm-none-eabi/11.3.1/thumb/v7e-m+fp/hard/crtbegin.o
                [!provide]                        PROVIDE (__fini_array_end = .)
                0x0000000008001128                . = ALIGN (0x4)
                0x0000000008001128                _sidata = LOADADDR (.data)

.data           0x0000000020000000       0x74 load address 0x0000000008001128
                0x0000000020000000                . = ALIGN (0x4)
                0x0000000020000000                _sdata = .
 *(.data)
 *(.data*)
 .data.GPIO_udtArrayOfPins
                0x0000000020000000       0x15 ./Src/GPIO_lcfg.o
                0x0000000020000000                GPIO_udtArrayOfPins
 *fill*         0x0000000020000015        0x3 
 .data.GPIOx    0x0000000020000018        0xc ./Src/GPIO_program.o
 .data._impure_data
                0x0000000020000024       0x4c D:/Embedded/STM32CubeIDE_1.13.1/STM32CubeIDE/plugins/com.st.stm32cube.ide.mcu.externaltools.gnu-tools-for-stm32.11.3.rel1.win32_1.1.0.202305231506/tools/bin/../lib/gcc/arm-none-eabi/11.3.1/../../../../arm-none-eabi/lib/thumb/v7e-m+fp/hard\libc_nano.a(libc_a-impure.o)
                0x0000000020000024                _impure_data
 .data._impure_ptr
                0x0000000020000070        0x4 D:/Embedded/STM32CubeIDE_1.13.1/STM32CubeIDE/plugins/com.st.stm32cube.ide.mcu.externaltools.gnu-tools-for-stm32.11.3.rel1.win32_1.1.0.202305231506/tools/bin/../lib/gcc/arm-none-eabi/11.3.1/../../../../arm-none-eabi/lib/thumb/v7e-m+fp/hard\libc_nano.a(libc_a-impure.o)
                0x0000000020000070                _impure_ptr
 *(.RamFunc)
 *(.RamFunc*)
                0x0000000020000074                . = ALIGN (0x4)
                0x0000000020000074                _edata = .

.igot.plt       0x0000000020000074        0x0 load address 0x000000000800119c
 .igot.plt      0x0000000020000074        0x0 D:/Embedded/STM32CubeIDE_1.13.1/STM32CubeIDE/plugins/com.st.stm32cube.ide.mcu.externaltools.gnu-tools-for-stm32.11.3.rel1.win32_1.1.0.202305231506/tools/bin/../lib/gcc/arm-none-eabi/11.3.1/thumb/v7e-m+fp/hard/crtbegin.o
                0x0000000020000074                . = ALIGN (0x4)

.bss            0x0000000020000074      0x16c load address 0x000000000800119c
                0x0000000020000074                _sbss = .
                0x0000000020000074                __bss_start__ = _sbss
 *(.bss)
 .bss           0x0000000020000074       0x1c D:/Embedded/STM32CubeIDE_1.13.1/STM32CubeIDE/plugins/com.st.stm32cube.ide.mcu.externaltools.gnu-tools-for-stm32.11.3.rel1.win32_1.1.0.202305231506/tools/bin/../lib/gcc/arm-none-eabi/11.3.1/thumb/v7e-m+fp/hard/crtbegin.o
 *(.bss*)
 .bss.u8PinsCounter
                0x0000000020000090        0x1 ./Src/GPIO_program.o
 *fill*         0x0000000020000091        0x3 
 .bss.__sbrk_heap_end
                0x0000000020000094        0x4 ./Src/sysmem.o
 .bss.__malloc_free_list
                0x0000000020000098        0x4 D:/Embedded/STM32CubeIDE_1.13.1/STM32CubeIDE/plugins/com.st.stm32cube.ide.mcu.externaltools.gnu-tools-for-stm32.11.3.rel1.win32_1.1.0.202305231506/tools/bin/../lib/gcc/arm-none-eabi/11.3.1/../../../../arm-none-eabi/lib/thumb/v7e-m+fp/hard\libc_nano.a(libc_a-mallocr.o)
                0x0000000020000098                __malloc_free_list
 .bss.__malloc_sbrk_start
                0x000000002000009c        0x4 D:/Embedded/STM32CubeIDE_1.13.1/STM32CubeIDE/plugins/com.st.stm32cube.ide.mcu.externaltools.gnu-tools-for-stm32.11.3.rel1.win32_1.1.0.202305231506/tools/bin/../lib/gcc/arm-none-eabi/11.3.1/../../../../arm-none-eabi/lib/thumb/v7e-m+fp/hard\libc_nano.a(libc_a-mallocr.o)
                0x000000002000009c                __malloc_sbrk_start
 .bss.__sf      0x00000000200000a0      0x138 D:/Embedded/STM32CubeIDE_1.13.1/STM32CubeIDE/plugins/com.st.stm32cube.ide.mcu.externaltools.gnu-tools-for-stm32.11.3.rel1.win32_1.1.0.202305231506/tools/bin/../lib/gcc/arm-none-eabi/11.3.1/../../../../arm-none-eabi/lib/thumb/v7e-m+fp/hard\libc_nano.a(libc_a-findfp.o)
                0x00000000200000a0                __sf
 .bss.errno     0x00000000200001d8        0x4 D:/Embedded/STM32CubeIDE_1.13.1/STM32CubeIDE/plugins/com.st.stm32cube.ide.mcu.externaltools.gnu-tools-for-stm32.11.3.rel1.win32_1.1.0.202305231506/tools/bin/../lib/gcc/arm-none-eabi/11.3.1/../../../../arm-none-eabi/lib/thumb/v7e-m+fp/hard\libc_nano.a(libc_a-reent.o)
                0x00000000200001d8                errno
 .bss.__lock___malloc_recursive_mutex
                0x00000000200001dc        0x1 D:/Embedded/STM32CubeIDE_1.13.1/STM32CubeIDE/plugins/com.st.stm32cube.ide.mcu.externaltools.gnu-tools-for-stm32.11.3.rel1.win32_1.1.0.202305231506/tools/bin/../lib/gcc/arm-none-eabi/11.3.1/../../../../arm-none-eabi/lib/thumb/v7e-m+fp/hard\libc_nano.a(libc_a-lock.o)
                0x00000000200001dc                __lock___malloc_recursive_mutex
 *(COMMON)
                0x00000000200001e0                . = ALIGN (0x4)
 *fill*         0x00000000200001dd        0x3 
                0x00000000200001e0                _ebss = .
                0x00000000200001e0                __bss_end__ = _ebss

._user_heap_stack
                0x00000000200001e0      0x600 load address 0x000000000800119c
                0x00000000200001e0                . = ALIGN (0x8)
                [!provide]                        PROVIDE (end = .)
                0x00000000200001e0                PROVIDE (_end = .)
                0x00000000200003e0                . = (. + _Min_Heap_Size)
 *fill*         0x00000000200001e0      0x200 
                0x00000000200007e0                . = (. + _Min_Stack_Size)
 *fill*         0x00000000200003e0      0x400 
                0x00000000200007e0                . = ALIGN (0x8)

/DISCARD/
 libc.a(*)
 libm.a(*)
 libgcc.a(*)

.ARM.attributes
                0x0000000000000000       0x30
 *(.ARM.attributes)
 .ARM.attributes
                0x0000000000000000       0x1e D:/Embedded/STM32CubeIDE_1.13.1/STM32CubeIDE/plugins/com.st.stm32cube.ide.mcu.externaltools.gnu-tools-for-stm32.11.3.rel1.win32_1.1.0.202305231506/tools/bin/../lib/gcc/arm-none-eabi/11.3.1/thumb/v7e-m+fp/hard/crti.o
 .ARM.attributes
                0x000000000000001e       0x34 D:/Embedded/STM32CubeIDE_1.13.1/STM32CubeIDE/plugins/com.st.stm32cube.ide.mcu.externaltools.gnu-tools-for-stm32.11.3.rel1.win32_1.1.0.202305231506/tools/bin/../lib/gcc/arm-none-eabi/11.3.1/thumb/v7e-m+fp/hard/crtbegin.o
 .ARM.attributes
                0x0000000000000052       0x34 ./Src/DET.o
 .ARM.attributes
                0x0000000000000086       0x34 ./Src/GPIO_lcfg.o
 .ARM.attributes
                0x00000000000000ba       0x34 ./Src/GPIO_program.o
 .ARM.attributes
                0x00000000000000ee       0x34 ./Src/RCC_program.o
 .ARM.attributes
                0x0000000000000122       0x34 ./Src/UART_program.o
 .ARM.attributes
                0x0000000000000156       0x34 ./Src/WIFI_program.o
 .ARM.attributes
                0x000000000000018a       0x34 ./Src/main.o
 .ARM.attributes
                0x00000000000001be       0x34 ./Src/sysmem.o
 .ARM.attributes
                0x00000000000001f2       0x21 ./Startup/startup_stm32f401rctx.o
 .ARM.attributes
                0x0000000000000213       0x34 D:/Embedded/STM32CubeIDE_1.13.1/STM32CubeIDE/plugins/com.st.stm32cube.ide.mcu.externaltools.gnu-tools-for-stm32.11.3.rel1.win32_1.1.0.202305231506/tools/bin/../lib/gcc/arm-none-eabi/11.3.1/../../../../arm-none-eabi/lib/thumb/v7e-m+fp/hard\libc_nano.a(libc_a-malloc.o)
 .ARM.attributes
                0x0000000000000247       0x34 D:/Embedded/STM32CubeIDE_1.13.1/STM32CubeIDE/plugins/com.st.stm32cube.ide.mcu.externaltools.gnu-tools-for-stm32.11.3.rel1.win32_1.1.0.202305231506/tools/bin/../lib/gcc/arm-none-eabi/11.3.1/../../../../arm-none-eabi/lib/thumb/v7e-m+fp/hard\libc_nano.a(libc_a-mallocr.o)
 .ARM.attributes
                0x000000000000027b       0x34 D:/Embedded/STM32CubeIDE_1.13.1/STM32CubeIDE/plugins/com.st.stm32cube.ide.mcu.externaltools.gnu-tools-for-stm32.11.3.rel1.win32_1.1.0.202305231506/tools/bin/../lib/gcc/arm-none-eabi/11.3.1/../../../../arm-none-eabi/lib/thumb/v7e-m+fp/hard\libc_nano.a(libc_a-mlock.o)
 .ARM.attributes
                0x00000000000002af       0x34 D:/Embedded/STM32CubeIDE_1.13.1/STM32CubeIDE/plugins/com.st.stm32cube.ide.mcu.externaltools.gnu-tools-for-stm32.11.3.rel1.win32_1.1.0.202305231506/tools/bin/../lib/gcc/arm-none-eabi/11.3.1/../../../../arm-none-eabi/lib/thumb/v7e-m+fp/hard\libc_nano.a(libc_a-findfp.o)
 .ARM.attributes
                0x00000000000002e3       0x34 D:/Embedded/STM32CubeIDE_1.13.1/STM32CubeIDE/plugins/com.st.stm32cube.ide.mcu.externaltools.gnu-tools-for-stm32.11.3.rel1.win32_1.1.0.202305231506/tools/bin/../lib/gcc/arm-none-eabi/11.3.1/../../../../arm-none-eabi/lib/thumb/v7e-m+fp/hard\libc_nano.a(libc_a-reent.o)
 .ARM.attributes
                0x0000000000000317       0x34 D:/Embedded/STM32CubeIDE_1.13.1/STM32CubeIDE/plugins/com.st.stm32cube.ide.mcu.externaltools.gnu-tools-for-stm32.11.3.rel1.win32_1.1.0.202305231506/tools/bin/../lib/gcc/arm-none-eabi/11.3.1/../../../../arm-none-eabi/lib/thumb/v7e-m+fp/hard\libc_nano.a(libc_a-impure.o)
 .ARM.attributes
                0x000000000000034b       0x34 D:/Embedded/STM32CubeIDE_1.13.1/STM32CubeIDE/plugins/com.st.stm32cube.ide.mcu.externaltools.gnu-tools-for-stm32.11.3.rel1.win32_1.1.0.202305231506/tools/bin/../lib/gcc/arm-none-eabi/11.3.1/../../../../arm-none-eabi/lib/thumb/v7e-m+fp/hard\libc_nano.a(libc_a-sbrkr.o)
 .ARM.attributes
                0x000000000000037f       0x34 D:/Embedded/STM32CubeIDE_1.13.1/STM32CubeIDE/plugins/com.st.stm32cube.ide.mcu.externaltools.gnu-tools-for-stm32.11.3.rel1.win32_1.1.0.202305231506/tools/bin/../lib/gcc/arm-none-eabi/11.3.1/../../../../arm-none-eabi/lib/thumb/v7e-m+fp/hard\libc_nano.a(libc_a-errno.o)
 .ARM.attributes
                0x00000000000003b3       0x34 D:/Embedded/STM32CubeIDE_1.13.1/STM32CubeIDE/plugins/com.st.stm32cube.ide.mcu.externaltools.gnu-tools-for-stm32.11.3.rel1.win32_1.1.0.202305231506/tools/bin/../lib/gcc/arm-none-eabi/11.3.1/../../../../arm-none-eabi/lib/thumb/v7e-m+fp/hard\libc_nano.a(libc_a-init.o)
 .ARM.attributes
                0x00000000000003e7       0x34 D:/Embedded/STM32CubeIDE_1.13.1/STM32CubeIDE/plugins/com.st.stm32cube.ide.mcu.externaltools.gnu-tools-for-stm32.11.3.rel1.win32_1.1.0.202305231506/tools/bin/../lib/gcc/arm-none-eabi/11.3.1/../../../../arm-none-eabi/lib/thumb/v7e-m+fp/hard\libc_nano.a(libc_a-lock.o)
 .ARM.attributes
                0x000000000000041b       0x1e D:/Embedded/STM32CubeIDE_1.13.1/STM32CubeIDE/plugins/com.st.stm32cube.ide.mcu.externaltools.gnu-tools-for-stm32.11.3.rel1.win32_1.1.0.202305231506/tools/bin/../lib/gcc/arm-none-eabi/11.3.1/thumb/v7e-m+fp/hard/crtn.o
OUTPUT(Wifi.elf elf32-littlearm)
LOAD linker stubs
LOAD D:/Embedded/STM32CubeIDE_1.13.1/STM32CubeIDE/plugins/com.st.stm32cube.ide.mcu.externaltools.gnu-tools-for-stm32.11.3.rel1.win32_1.1.0.202305231506/tools/bin/../lib/gcc/arm-none-eabi/11.3.1/../../../../arm-none-eabi/lib/thumb/v7e-m+fp/hard\libc.a
LOAD D:/Embedded/STM32CubeIDE_1.13.1/STM32CubeIDE/plugins/com.st.stm32cube.ide.mcu.externaltools.gnu-tools-for-stm32.11.3.rel1.win32_1.1.0.202305231506/tools/bin/../lib/gcc/arm-none-eabi/11.3.1/../../../../arm-none-eabi/lib/thumb/v7e-m+fp/hard\libm.a
LOAD D:/Embedded/STM32CubeIDE_1.13.1/STM32CubeIDE/plugins/com.st.stm32cube.ide.mcu.externaltools.gnu-tools-for-stm32.11.3.rel1.win32_1.1.0.202305231506/tools/bin/../lib/gcc/arm-none-eabi/11.3.1/thumb/v7e-m+fp/hard\libgcc.a

.comment        0x0000000000000000       0x43
 .comment       0x0000000000000000       0x43 D:/Embedded/STM32CubeIDE_1.13.1/STM32CubeIDE/plugins/com.st.stm32cube.ide.mcu.externaltools.gnu-tools-for-stm32.11.3.rel1.win32_1.1.0.202305231506/tools/bin/../lib/gcc/arm-none-eabi/11.3.1/thumb/v7e-m+fp/hard/crtbegin.o
                                         0x44 (size before relaxing)
 .comment       0x0000000000000043       0x44 ./Src/DET.o
 .comment       0x0000000000000043       0x44 ./Src/GPIO_lcfg.o
 .comment       0x0000000000000043       0x44 ./Src/GPIO_program.o
 .comment       0x0000000000000043       0x44 ./Src/RCC_program.o
 .comment       0x0000000000000043       0x44 ./Src/UART_program.o
 .comment       0x0000000000000043       0x44 ./Src/WIFI_program.o
 .comment       0x0000000000000043       0x44 ./Src/main.o
 .comment       0x0000000000000043       0x44 ./Src/sysmem.o

.debug_info     0x0000000000000000     0x106f
 .debug_info    0x0000000000000000       0x86 ./Src/DET.o
 .debug_info    0x0000000000000086      0x1ff ./Src/GPIO_lcfg.o
 .debug_info    0x0000000000000285      0x430 ./Src/GPIO_program.o
 .debug_info    0x00000000000006b5      0x302 ./Src/RCC_program.o
 .debug_info    0x00000000000009b7      0x1c9 ./Src/UART_program.o
 .debug_info    0x0000000000000b80      0x1be ./Src/WIFI_program.o
 .debug_info    0x0000000000000d3e      0x1a6 ./Src/main.o
 .debug_info    0x0000000000000ee4      0x168 ./Src/sysmem.o
 .debug_info    0x000000000000104c       0x23 ./Startup/startup_stm32f401rctx.o

.debug_abbrev   0x0000000000000000      0x6b8
 .debug_abbrev  0x0000000000000000       0x5c ./Src/DET.o
 .debug_abbrev  0x000000000000005c       0x9f ./Src/GPIO_lcfg.o
 .debug_abbrev  0x00000000000000fb      0x136 ./Src/GPIO_program.o
 .debug_abbrev  0x0000000000000231       0xe0 ./Src/RCC_program.o
 .debug_abbrev  0x0000000000000311       0xe4 ./Src/UART_program.o
 .debug_abbrev  0x00000000000003f5      0x100 ./Src/WIFI_program.o
 .debug_abbrev  0x00000000000004f5       0xf5 ./Src/main.o
 .debug_abbrev  0x00000000000005ea       0xbc ./Src/sysmem.o
 .debug_abbrev  0x00000000000006a6       0x12 ./Startup/startup_stm32f401rctx.o

.debug_aranges  0x0000000000000000      0x188
 .debug_aranges
                0x0000000000000000       0x20 ./Src/DET.o
 .debug_aranges
                0x0000000000000020       0x18 ./Src/GPIO_lcfg.o
 .debug_aranges
                0x0000000000000038       0x38 ./Src/GPIO_program.o
 .debug_aranges
                0x0000000000000070       0x38 ./Src/RCC_program.o
 .debug_aranges
                0x00000000000000a8       0x38 ./Src/UART_program.o
 .debug_aranges
                0x00000000000000e0       0x40 ./Src/WIFI_program.o
 .debug_aranges
                0x0000000000000120       0x20 ./Src/main.o
 .debug_aranges
                0x0000000000000140       0x20 ./Src/sysmem.o
 .debug_aranges
                0x0000000000000160       0x28 ./Startup/startup_stm32f401rctx.o

.debug_rnglists
                0x0000000000000000       0xf4
 .debug_rnglists
                0x0000000000000000       0x13 ./Src/DET.o
 .debug_rnglists
                0x0000000000000013       0x29 ./Src/GPIO_program.o
 .debug_rnglists
                0x000000000000003c       0x28 ./Src/RCC_program.o
 .debug_rnglists
                0x0000000000000064       0x25 ./Src/UART_program.o
 .debug_rnglists
                0x0000000000000089       0x2c ./Src/WIFI_program.o
 .debug_rnglists
                0x00000000000000b5       0x13 ./Src/main.o
 .debug_rnglists
                0x00000000000000c8       0x13 ./Src/sysmem.o
 .debug_rnglists
                0x00000000000000db       0x19 ./Startup/startup_stm32f401rctx.o

.debug_macro    0x0000000000000000     0x1d30
 .debug_macro   0x0000000000000000       0x2c ./Src/DET.o
 .debug_macro   0x000000000000002c      0xaae ./Src/DET.o
 .debug_macro   0x0000000000000ada       0x16 ./Src/DET.o
 .debug_macro   0x0000000000000af0       0x22 ./Src/DET.o
 .debug_macro   0x0000000000000b12       0x1c ./Src/DET.o
 .debug_macro   0x0000000000000b2e       0x3e ./Src/GPIO_lcfg.o
 .debug_macro   0x0000000000000b6c       0xca ./Src/GPIO_lcfg.o
 .debug_macro   0x0000000000000c36       0x34 ./Src/GPIO_lcfg.o
 .debug_macro   0x0000000000000c6a       0x16 ./Src/GPIO_lcfg.o
 .debug_macro   0x0000000000000c80       0x47 ./Src/GPIO_program.o
 .debug_macro   0x0000000000000cc7       0x3e ./Src/RCC_program.o
 .debug_macro   0x0000000000000d05       0x5e ./Src/RCC_program.o
 .debug_macro   0x0000000000000d63       0x16 ./Src/RCC_program.o
 .debug_macro   0x0000000000000d79       0x16 ./Src/RCC_program.o
 .debug_macro   0x0000000000000d8f       0x3a ./Src/UART_program.o
 .debug_macro   0x0000000000000dc9       0x10 ./Src/UART_program.o
 .debug_macro   0x0000000000000dd9       0x49 ./Src/WIFI_program.o
 .debug_macro   0x0000000000000e22       0x10 ./Src/WIFI_program.o
 .debug_macro   0x0000000000000e32       0x10 ./Src/WIFI_program.o
 .debug_macro   0x0000000000000e42      0x13b ./Src/main.o
 .debug_macro   0x0000000000000f7d       0x2a ./Src/main.o
 .debug_macro   0x0000000000000fa7       0x22 ./Src/main.o
 .debug_macro   0x0000000000000fc9       0x5b ./Src/main.o
 .debug_macro   0x0000000000001024       0x94 ./Src/main.o
 .debug_macro   0x00000000000010b8       0x43 ./Src/main.o
 .debug_macro   0x00000000000010fb       0x34 ./Src/main.o
 .debug_macro   0x000000000000112f       0x16 ./Src/main.o
 .debug_macro   0x0000000000001145      0x10e ./Src/main.o
 .debug_macro   0x0000000000001253       0x8d ./Src/main.o
 .debug_macro   0x00000000000012e0       0x16 ./Src/main.o
 .debug_macro   0x00000000000012f6       0x43 ./Src/main.o
 .debug_macro   0x0000000000001339       0x57 ./Src/main.o
 .debug_macro   0x0000000000001390       0x34 ./Src/main.o
 .debug_macro   0x00000000000013c4       0x10 ./Src/main.o
 .debug_macro   0x00000000000013d4       0x58 ./Src/main.o
 .debug_macro   0x000000000000142c       0x8e ./Src/main.o
 .debug_macro   0x00000000000014ba       0x1c ./Src/main.o
 .debug_macro   0x00000000000014d6      0x177 ./Src/main.o
 .debug_macro   0x000000000000164d      0x369 ./Src/main.o
 .debug_macro   0x00000000000019b6       0x16 ./Src/main.o
 .debug_macro   0x00000000000019cc       0x29 ./Src/main.o
 .debug_macro   0x00000000000019f5       0xff ./Src/sysmem.o
 .debug_macro   0x0000000000001af4      0x23c ./Src/sysmem.o

.debug_line     0x0000000000000000     0x1615
 .debug_line    0x0000000000000000       0x70 ./Src/DET.o
 .debug_line    0x0000000000000070       0x8c ./Src/GPIO_lcfg.o
 .debug_line    0x00000000000000fc      0x467 ./Src/GPIO_program.o
 .debug_line    0x0000000000000563      0x16d ./Src/RCC_program.o
 .debug_line    0x00000000000006d0      0x16a ./Src/UART_program.o
 .debug_line    0x000000000000083a      0x1d7 ./Src/WIFI_program.o
 .debug_line    0x0000000000000a11      0x5f7 ./Src/main.o
 .debug_line    0x0000000000001008      0x592 ./Src/sysmem.o
 .debug_line    0x000000000000159a       0x7b ./Startup/startup_stm32f401rctx.o

.debug_str      0x0000000000000000     0x8208
 .debug_str     0x0000000000000000     0x2edf ./Src/DET.o
                                       0x2f12 (size before relaxing)
 .debug_str     0x0000000000002edf      0x53c ./Src/GPIO_lcfg.o
                                       0x33e8 (size before relaxing)
 .debug_str     0x000000000000341b      0x10a ./Src/GPIO_program.o
                                       0x352d (size before relaxing)
 .debug_str     0x0000000000003525      0x386 ./Src/RCC_program.o
                                       0x325d (size before relaxing)
 .debug_str     0x00000000000038ab      0x105 ./Src/UART_program.o
                                       0x2fcf (size before relaxing)
 .debug_str     0x00000000000039b0       0xf7 ./Src/WIFI_program.o
                                       0x302a (size before relaxing)
 .debug_str     0x0000000000003aa7     0x37ec ./Src/main.o
                                       0x6be0 (size before relaxing)
 .debug_str     0x0000000000007293      0xf46 ./Src/sysmem.o
                                       0x6046 (size before relaxing)
 .debug_str     0x00000000000081d9       0x2f ./Startup/startup_stm32f401rctx.o
                                         0x55 (size before relaxing)

.debug_frame    0x0000000000000000      0x68c
 .debug_frame   0x0000000000000000       0x2c ./Src/DET.o
 .debug_frame   0x000000000000002c       0x9c ./Src/GPIO_program.o
 .debug_frame   0x00000000000000c8       0xa8 ./Src/RCC_program.o
 .debug_frame   0x0000000000000170       0xa8 ./Src/UART_program.o
 .debug_frame   0x0000000000000218       0xc4 ./Src/WIFI_program.o
 .debug_frame   0x00000000000002dc       0x30 ./Src/main.o
 .debug_frame   0x000000000000030c       0x34 ./Src/sysmem.o
 .debug_frame   0x0000000000000340       0x30 D:/Embedded/STM32CubeIDE_1.13.1/STM32CubeIDE/plugins/com.st.stm32cube.ide.mcu.externaltools.gnu-tools-for-stm32.11.3.rel1.win32_1.1.0.202305231506/tools/bin/../lib/gcc/arm-none-eabi/11.3.1/../../../../arm-none-eabi/lib/thumb/v7e-m+fp/hard\libc_nano.a(libc_a-malloc.o)
 .debug_frame   0x0000000000000370       0x50 D:/Embedded/STM32CubeIDE_1.13.1/STM32CubeIDE/plugins/com.st.stm32cube.ide.mcu.externaltools.gnu-tools-for-stm32.11.3.rel1.win32_1.1.0.202305231506/tools/bin/../lib/gcc/arm-none-eabi/11.3.1/../../../../arm-none-eabi/lib/thumb/v7e-m+fp/hard\libc_nano.a(libc_a-mallocr.o)
 .debug_frame   0x00000000000003c0       0x30 D:/Embedded/STM32CubeIDE_1.13.1/STM32CubeIDE/plugins/com.st.stm32cube.ide.mcu.externaltools.gnu-tools-for-stm32.11.3.rel1.win32_1.1.0.202305231506/tools/bin/../lib/gcc/arm-none-eabi/11.3.1/../../../../arm-none-eabi/lib/thumb/v7e-m+fp/hard\libc_nano.a(libc_a-mlock.o)
 .debug_frame   0x00000000000003f0      0x13c D:/Embedded/STM32CubeIDE_1.13.1/STM32CubeIDE/plugins/com.st.stm32cube.ide.mcu.externaltools.gnu-tools-for-stm32.11.3.rel1.win32_1.1.0.202305231506/tools/bin/../lib/gcc/arm-none-eabi/11.3.1/../../../../arm-none-eabi/lib/thumb/v7e-m+fp/hard\libc_nano.a(libc_a-findfp.o)
 .debug_frame   0x000000000000052c       0x38 D:/Embedded/STM32CubeIDE_1.13.1/STM32CubeIDE/plugins/com.st.stm32cube.ide.mcu.externaltools.gnu-tools-for-stm32.11.3.rel1.win32_1.1.0.202305231506/tools/bin/../lib/gcc/arm-none-eabi/11.3.1/../../../../arm-none-eabi/lib/thumb/v7e-m+fp/hard\libc_nano.a(libc_a-reent.o)
 .debug_frame   0x0000000000000564       0x2c D:/Embedded/STM32CubeIDE_1.13.1/STM32CubeIDE/plugins/com.st.stm32cube.ide.mcu.externaltools.gnu-tools-for-stm32.11.3.rel1.win32_1.1.0.202305231506/tools/bin/../lib/gcc/arm-none-eabi/11.3.1/../../../../arm-none-eabi/lib/thumb/v7e-m+fp/hard\libc_nano.a(libc_a-sbrkr.o)
 .debug_frame   0x0000000000000590       0x20 D:/Embedded/STM32CubeIDE_1.13.1/STM32CubeIDE/plugins/com.st.stm32cube.ide.mcu.externaltools.gnu-tools-for-stm32.11.3.rel1.win32_1.1.0.202305231506/tools/bin/../lib/gcc/arm-none-eabi/11.3.1/../../../../arm-none-eabi/lib/thumb/v7e-m+fp/hard\libc_nano.a(libc_a-errno.o)
 .debug_frame   0x00000000000005b0       0x2c D:/Embedded/STM32CubeIDE_1.13.1/STM32CubeIDE/plugins/com.st.stm32cube.ide.mcu.externaltools.gnu-tools-for-stm32.11.3.rel1.win32_1.1.0.202305231506/tools/bin/../lib/gcc/arm-none-eabi/11.3.1/../../../../arm-none-eabi/lib/thumb/v7e-m+fp/hard\libc_nano.a(libc_a-init.o)
 .debug_frame   0x00000000000005dc       0xb0 D:/Embedded/STM32CubeIDE_1.13.1/STM32CubeIDE/plugins/com.st.stm32cube.ide.mcu.externaltools.gnu-tools-for-stm32.11.3.rel1.win32_1.1.0.202305231506/tools/bin/../lib/gcc/arm-none-eabi/11.3.1/../../../../arm-none-eabi/lib/thumb/v7e-m+fp/hard\libc_nano.a(libc_a-lock.o)

.debug_line_str
                0x0000000000000000       0x49
 .debug_line_str
                0x0000000000000000       0x49 ./Startup/startup_stm32f401rctx.o
                                         0x61 (size before relaxing)
